// Jest Snapshot v1, https://goo.gl/fbAQLP

exports[`<Templates /> spec renders the component 1`] = `
<div
  class="euiPanel euiPanel--paddingMedium euiPanel--borderRadiusMedium euiPanel--plain euiPanel--hasShadow"
  style="padding-left: 0px; padding-right: 0px;"
>
  <div
    class="euiFlexGroup euiFlexGroup--gutterLarge euiFlexGroup--alignItemsFlexStart euiFlexGroup--justifyContentSpaceBetween euiFlexGroup--directionRow euiFlexGroup--responsive"
    style="padding: 0px 16px;"
  >
    <div
      class="euiFlexItem"
    >
      <span
        class="euiTitle euiTitle--medium"
      >
        Templates
      </span>
      <div
        class="euiFormRow euiFormRow--fullWidth euiFormRow--compressed"
        id="some_html_id-row"
      >
        <div
          class="euiFormRow__fieldWrapper"
        >
          <div
            class="euiFormHelpText euiFormRow__text"
            id="some_html_id-help-0"
          >
            <div>
              Index templates let you initialize new indexes or data streams with predefined mappings and settings.
               
              <a
                class="euiLink euiLink--primary"
                href="https://opensearch.org/docs/latest/opensearch/index-templates"
                rel="noopener noreferrer"
                target="_blank"
              >
                Learn more
                EuiIconMock
                <span
                  class="euiScreenReaderOnly"
                >
                  (opens in a new tab or window)
                </span>
              </a>
            </div>
          </div>
        </div>
      </div>
    </div>
    <div
      class="euiFlexItem euiFlexItem--flexGrowZero"
    >
      <div
        class="euiFlexGroup euiFlexGroup--gutterLarge euiFlexGroup--alignItemsCenter euiFlexGroup--justifyContentSpaceBetween euiFlexGroup--directionRow euiFlexGroup--responsive"
      >
        <div
          class="euiFlexItem"
        >
          <div
            class="euiFlexGroup euiFlexGroup--gutterLarge euiFlexGroup--alignItemsCenter euiFlexGroup--justifyContentSpaceBetween euiFlexGroup--directionRow euiFlexGroup--responsive"
          >
            <div
              class="euiFlexItem euiFlexItem--flexGrowZero"
            >
              <div
                class="euiPopover euiPopover--anchorDownCenter"
                data-test-subj="moreAction"
              >
                <div
                  class="euiPopover__anchor"
                >
                  <button
                    class="euiButton euiButton--primary euiButton--small"
                    type="button"
                  >
                    <span
                      class="euiButtonContent euiButtonContent--iconRight euiButton__content"
                    >
                      EuiIconMock
                      <span
                        class="euiButton__text"
                      >
                        Actions
                      </span>
                    </span>
                  </button>
                </div>
              </div>
            </div>
            <div
              class="euiFlexItem euiFlexItem--flexGrowZero"
            >
              <button
                class="euiButton euiButton--primary euiButton--small euiButton--fill"
                data-test-subj="Create templateButton"
                type="button"
              >
                <span
                  class="euiButtonContent euiButton__content"
                >
                  EuiIconMock
                  <span
                    class="euiButton__text"
                  >
                    Create template
                  </span>
                </span>
              </button>
            </div>
          </div>
        </div>
      </div>
    </div>
  </div>
  <hr
    class="euiHorizontalRule euiHorizontalRule--full euiHorizontalRule--marginXSmall"
  />
  <div
    style="padding: initial;"
  >
    <div
      class="euiFlexGroup euiFlexGroup--gutterLarge euiFlexGroup--alignItemsCenter euiFlexGroup--directionRow euiFlexGroup--responsive"
      style="padding: 0px 5px;"
    >
      <div
        class="euiFlexItem"
      >
        <div
          class="euiFormControlLayout euiFormControlLayout--fullWidth euiFormControlLayout--compressed"
        >
          <div
            class="euiFormControlLayout__childrenWrapper"
          >
            <input
              class="euiFieldSearch euiFieldSearch--fullWidth euiFieldSearch--compressed"
              placeholder="Search..."
              type="search"
              value=""
            />
            <div
              class="euiFormControlLayoutIcons"
            >
              <span
                class="euiFormControlLayoutCustomIcon"
              >
                EuiIconMock
              </span>
            </div>
          </div>
        </div>
      </div>
    </div>
    <hr
      class="euiHorizontalRule euiHorizontalRule--full euiHorizontalRule--marginXSmall"
    />
    <div
      class="euiBasicTable euiBasicTable-loading ISM-templates-table"
      data-test-subj="templatesTable"
    >
      <div>
        <div
          class="euiTableHeaderMobile"
        >
          <div
            class="euiFlexGroup euiFlexGroup--gutterLarge euiFlexGroup--alignItemsBaseline euiFlexGroup--justifyContentSpaceBetween euiFlexGroup--directionRow"
          >
            <div
              class="euiFlexItem euiFlexItem--flexGrowZero"
            >
              <div
                class="euiCheckbox"
              >
                <input
                  aria-label="Select all rows"
                  class="euiCheckbox__input"
                  disabled=""
                  id="_selection_column-checkbox_some_html_id"
                  type="checkbox"
                />
                <div
                  class="euiCheckbox__square"
                />
                <label
                  class="euiCheckbox__label"
                  for="_selection_column-checkbox_some_html_id"
                >
                  Select all rows
                </label>
              </div>
            </div>
            <div
              class="euiFlexItem euiFlexItem--flexGrowZero"
            >
              <div
                class="euiTableSortMobile"
              >
                <div
                  class="euiPopover euiPopover--anchorDownRight"
                >
                  <div
                    class="euiPopover__anchor"
                  >
                    <button
                      class="euiButtonEmpty euiButtonEmpty--primary euiButtonEmpty--xSmall euiButtonEmpty--flushRight"
                      type="button"
                    >
                      <span
                        class="euiButtonContent euiButtonContent--iconRight euiButtonEmpty__content"
                      >
                        EuiIconMock
                        <span
                          class="euiButtonEmpty__text"
                        >
                          Sorting
                        </span>
                      </span>
                    </button>
                  </div>
                </div>
              </div>
            </div>
          </div>
        </div>
        <table
          class="euiTable euiTable--responsive"
          id="some_html_id"
          tabindex="-1"
        >
          <caption
            class="euiScreenReaderOnly euiTableCaption"
          />
          <thead>
            <tr>
              <th
                class="euiTableHeaderCellCheckbox"
                scope="col"
              >
                <div
                  class="euiTableCellContent"
                >
                  <div
                    class="euiCheckbox euiCheckbox--inList euiCheckbox--noLabel"
                  >
                    <input
                      aria-label="Select all rows"
                      class="euiCheckbox__input"
                      data-test-subj="checkboxSelectAll"
                      disabled=""
                      id="_selection_column-checkbox_some_html_id"
                      type="checkbox"
                    />
                    <div
                      class="euiCheckbox__square"
                    />
                  </div>
                </div>
              </th>
              <th
                aria-live="polite"
                aria-sort="descending"
                class="euiTableHeaderCell"
                data-test-subj="tableHeaderCell_name_0"
                role="columnheader"
                scope="col"
              >
                <button
                  class="euiTableHeaderButton euiTableHeaderButton-isSorted"
                  data-test-subj="tableHeaderSortButton"
                  type="button"
                >
                  <span
                    class="euiTableCellContent"
                  >
                    <span
                      class="euiTableCellContent__text"
                      title="Template name"
                    >
                      Template name
                    </span>
                    EuiIconMock
                  </span>
                </button>
              </th>
              <th
                class="euiTableHeaderCell"
                data-test-subj="tableHeaderCell_templateType_1"
                role="columnheader"
                scope="col"
              >
                <span
                  class="euiTableCellContent"
                >
                  <span
                    class="euiTableCellContent__text"
                    title="Template type"
                  >
                    Template type
                  </span>
                </span>
              </th>
              <th
                aria-live="polite"
                aria-sort="none"
                class="euiTableHeaderCell"
                data-test-subj="tableHeaderCell_index_patterns_2"
                role="columnheader"
                scope="col"
              >
                <button
                  class="euiTableHeaderButton"
                  data-test-subj="tableHeaderSortButton"
                  type="button"
                >
                  <span
                    class="euiTableCellContent"
                  >
                    <span
                      class="euiTableCellContent__text"
                      title="Index patterns"
                    >
                      Index patterns
                    </span>
                  </span>
                </button>
              </th>
              <th
                aria-live="polite"
                aria-sort="none"
                class="euiTableHeaderCell"
                data-test-subj="tableHeaderCell_order_3"
                role="columnheader"
                scope="col"
              >
                <button
                  class="euiTableHeaderButton"
                  data-test-subj="tableHeaderSortButton"
                  type="button"
                >
                  <span
                    class="euiTableCellContent euiTableCellContent--alignRight"
                  >
                    <span
                      class="euiTableCellContent__text"
                      title="Priority"
                    >
                      Priority
                    </span>
                  </span>
                </button>
              </th>
              <th
                class="euiTableHeaderCell"
                data-test-subj="tableHeaderCell_composed_of_4"
                role="columnheader"
                scope="col"
              >
                <span
                  class="euiTableCellContent euiTableCellContent--alignRight"
                >
                  <span
                    class="euiTableCellContent__text"
                    title="Associated component templates"
                  >
                    Associated component templates
                  </span>
                </span>
              </th>
              <th
                class="euiTableHeaderCell"
                role="columnheader"
                scope="col"
              >
                <span
                  class="euiTableCellContent euiTableCellContent--alignRight"
                >
                  <span
                    class="euiTableCellContent__text"
                    title="Actions"
                  >
                    Actions
                  </span>
                </span>
              </th>
            </tr>
          </thead>
          <tbody>
            <tr
              class="euiTableRow"
            >
              <td
                class="euiTableRowCell euiTableRowCell--isMobileFullWidth"
                colspan="7"
              >
                <div
                  class="euiTableCellContent euiTableCellContent--alignCenter"
                >
                  <span
                    class="euiTableCellContent__text"
                  >
                    <div
                      class="euiEmptyPrompt"
                    >
                      <span
                        class="euiTextColor euiTextColor--subdued"
                      >
                        <div
                          class="euiText euiText--medium"
                        >
                          <div
                            class="euiText euiText--small"
                          >
                            <p>
                              You have no templates.
                            </p>
                          </div>
                        </div>
                      </span>
                      <div
                        class="euiSpacer euiSpacer--l"
                      />
                      <div
                        class="euiFlexGroup euiFlexGroup--gutterMedium euiFlexGroup--alignItemsCenter euiFlexGroup--justifyContentCenter euiFlexGroup--directionColumn euiFlexGroup--responsive"
                      >
                        <div
                          class="euiFlexItem euiFlexItem--flexGrowZero"
                        >
                          <button
                            class="euiButton euiButton--primary euiButton--small euiButton--fill"
                            type="button"
                          >
                            <span
                              class="euiButtonContent euiButton__content"
                            >
                              EuiIconMock
                              <span
                                class="euiButton__text"
                              >
                                Create template
                              </span>
                            </span>
                          </button>
                        </div>
                      </div>
                    </div>
                  </span>
                </div>
              </td>
            </tr>
          </tbody>
        </table>
      </div>
    </div>
  </div>
</div>
`;
