// Jest Snapshot v1, https://goo.gl/fbAQLP

exports[`<InfoModal /> spec renders the component 1`] = `
<div
  class="euiOverlayMask euiOverlayMask--aboveHeader"
>
  <div
    aria-hidden="true"
    data-aria-hidden="true"
    data-focus-guard="true"
    style="width: 1px; height: 0px; padding: 0px; overflow: hidden; position: fixed; top: 1px; left: 1px;"
    tabindex="0"
  />
  <div
    data-focus-lock-disabled="false"
  >
    <div
      class="euiModal"
      style="max-width: 1000px;"
      tabindex="0"
    >
      <button
        aria-label="Closes this modal window"
        class="euiButtonIcon euiButtonIcon--text euiButtonIcon--empty euiButtonIcon--xSmall euiModal__closeIcon"
        type="button"
      >
        EuiIconMock
      </button>
      <div
        class="euiModal__flex"
      >
        <div
          class="euiModalHeader"
        >
          <div
            class="euiModalHeader__title"
          >
            <div
              class="euiText euiText--small"
            >
              <h2>
                Managed Index Info
              </h2>
            </div>
          </div>
        </div>
        <div
          class="euiModalBody"
        >
          <div
            class="euiModalBody__overflow"
          >
            <div
              class="euiCodeBlock euiCodeBlock--fontSmall euiCodeBlock--paddingLarge prismjs language-json"
            >
              <pre
                class="euiCodeBlock__pre euiCodeBlock__pre--whiteSpacePreWrap"
                tabindex="-1"
              >
                <code
                  class="euiCodeBlock__code json"
                >
                  <span
                    class="euiCodeBlock__line"
                  >
                    <span
                      class="token punctuation"
                    >
                      {
                    </span>
                    

                  </span>
                  <span
                    class="euiCodeBlock__line"
                  >
                        
                    <span
                      class="token property"
                    >
                      "message"
                    </span>
                    <span
                      class="token operator"
                    >
                      :
                    </span>
                     
                    <span
                      class="token string"
                    >
                      "some info"
                    </span>
                    

                  </span>
                  <span
                    class="euiCodeBlock__line"
                  >
                    
                    <span
                      class="token punctuation"
                    >
                      }
                    </span>
                  </span>
                </code>
              </pre>
            </div>
          </div>
        </div>
        <div
          class="euiModalFooter"
        >
          <button
            class="euiButton euiButton--primary euiButton--small euiButton--fill"
            data-test-subj="infoModalCloseButton"
            type="button"
          >
            <span
              class="euiButtonContent euiButton__content"
            >
              <span
                class="euiButton__text"
              >
                Close
              </span>
            </span>
          </button>
        </div>
      </div>
    </div>
  </div>
  <div
    aria-hidden="true"
    data-aria-hidden="true"
    data-focus-guard="true"
    style="width: 1px; height: 0px; padding: 0px; overflow: hidden; position: fixed; top: 1px; left: 1px;"
    tabindex="0"
  />
</div>
`;
