// Jest Snapshot v1, https://goo.gl/fbAQLP

exports[`<IndexControls /> spec renders the component 1`] = `
<div
  class="euiFlexGroup euiFlexGroup--gutterSmall euiFlexGroup--alignItemsCenter euiFlexGroup--directionRow euiFlexGroup--responsive"
>
  <div
    class="euiFlexItem"
  >
    <div
      class="euiFormControlLayout euiFormControlLayout--fullWidth euiFormControlLayout--compressed"
    >
      <div
        class="euiFormControlLayout__childrenWrapper"
      >
        <input
          class="euiFieldSearch euiFieldSearch--fullWidth euiFieldSearch--compressed euiFieldSearch-isClearable"
          placeholder="Search..."
          type="search"
          value="testing"
        />
        <div
          class="euiFormControlLayoutIcons"
        >
          <span
            class="euiFormControlLayoutCustomIcon"
          >
            EuiIconMock
          </span>
        </div>
        <div
          class="euiFormControlLayoutIcons euiFormControlLayoutIcons--right"
        >
          <button
            aria-label="Clear input"
            class="euiFormControlLayoutClearButton euiFormControlLayoutClearButton--small"
            type="button"
          >
            EuiIconMock
          </button>
        </div>
      </div>
    </div>
  </div>
</div>
`;
