// Jest Snapshot v1, https://goo.gl/fbAQLP

exports[`<CreateState /> spec renders the component 1`] = `
<div
  aria-hidden="true"
  data-aria-hidden="true"
/>
`;
