// Jest Snapshot v1, https://goo.gl/fbAQLP

exports[`<Transitions /> spec renders the component 1`] = `
<div
  class="euiText euiText--medium"
  style="margin-bottom: 5px;"
>
  <h5
    class="euiFormLabel "
    style="margin-bottom: 2px;"
  >
    Transitions
  </h5>
  <p>
     
    <span
      style="font-weight: 200; font-size: 12px;"
    >
      Transitions define the conditions that need to be met for a state to change. After all actions in the current state are completed, the policy starts checking the conditions for transitions.
       
    </span>
  </p>
</div>
`;
