// Jest Snapshot v1, https://goo.gl/fbAQLP

exports[`<FlyoutFooter /> spec renders the component 1`] = `
<div
  class="euiFlexGroup euiFlexGroup--gutterSmall euiFlexGroup--justifyContentFlexEnd euiFlexGroup--directionRow euiFlexGroup--responsive"
>
  <div
    class="euiFlexItem euiFlexItem--flexGrowZero"
  >
    <button
      class="euiButtonEmpty euiButtonEmpty--primary euiButtonEmpty--small euiButtonEmpty--flushLeft"
      data-test-subj="flyout-footer-cancel-button"
      type="button"
    >
      <span
        class="euiButtonContent euiButtonEmpty__content"
      >
        <span
          class="euiButtonEmpty__text"
        >
          Cancel
        </span>
      </span>
    </button>
  </div>
  <div
    class="euiFlexItem euiFlexItem--flexGrowZero"
  >
    <button
      class="euiButton euiButton--primary euiButton--small euiButton--fill"
      data-test-subj="flyout-footer-action-button"
      type="button"
    >
      <span
        class="euiButtonContent euiButton__content"
      >
        <span
          class="euiButton__text"
        >
          Edit action
        </span>
      </span>
    </button>
  </div>
</div>
`;
