// Jest Snapshot v1, https://goo.gl/fbAQLP

exports[`<TemplateDetail /> spec render component 1`] = `
<div>
  <div
    class="euiFlexGroup euiFlexGroup--gutterLarge euiFlexGroup--alignItemsCenter euiFlexGroup--directionRow euiFlexGroup--responsive"
  >
    <div
      class="euiFlexItem"
    >
      <h1
        class="euiTitle euiTitle--large"
      >
        Create component template
      </h1>
      <div
        class="euiFormRow euiFormRow--fullWidth"
        id="some_html_id-row"
      >
        <div
          class="euiFormRow__fieldWrapper"
        >
          <div
            class="euiFormHelpText euiFormRow__text"
            style="padding-top: 0px; padding-bottom: 4px;"
          >
            <div>
              Component templates are reusable building blocks for composing index or data stream templates. You can define component templates with common index configurations and associate them to an index template.
               
              <button
                class="euiLink euiLink--primary"
                type="button"
              >
                Learn more
              </button>
            </div>
          </div>
        </div>
      </div>
    </div>
  </div>
  <div
    class="euiSpacer euiSpacer--l"
  />
  <div
    class="euiPanel euiPanel--paddingMedium euiPanel--borderRadiusMedium euiPanel--plain euiPanel--hasShadow"
    style="padding-left: 0px; padding-right: 0px;"
  >
    <div
      class="euiFlexGroup euiFlexGroup--gutterLarge euiFlexGroup--alignItemsFlexStart euiFlexGroup--justifyContentSpaceBetween euiFlexGroup--directionRow euiFlexGroup--responsive"
      style="padding: 0px 10px;"
    >
      <div
        class="euiFlexItem"
      >
        <h3
          class="euiTitle euiTitle--small"
        >
          Define component template
          <span
            class="panel-header-count"
          >
             
             
          </span>
        </h3>
      </div>
    </div>
    <hr
      class="euiHorizontalRule euiHorizontalRule--full euiHorizontalRule--marginXSmall"
    />
    <div
      style="padding: 0px 10px;"
    >
      <div
        class="euiSpacer euiSpacer--s"
      />
      <div
        class="euiFormRow"
        data-test-subj="form-row-name"
        id="some_html_id-row"
      >
        <div
          class="euiFormRow__labelWrapper"
        >
          <label
            aria-invalid="false"
            class="euiFormLabel euiFormRow__label"
            for="some_html_id"
          >
            Name
          </label>
        </div>
        <div
          class="euiFormRow__fieldWrapper"
        >
          <div
            class="euiFormHelpText euiFormRow__text"
            style="padding-top: 0px; padding-bottom: 4px;"
          >
            <div>
              Name cannot be changed after the component template is created.
            </div>
          </div>
          <span
            class="euiToolTipAnchor euiToolTipAnchor--displayBlock"
          >
            <div
              class="euiFormControlLayout"
            >
              <div
                class="euiFormControlLayout__childrenWrapper"
              >
                <input
                  class="euiFieldText"
                  type="text"
                  value=""
                />
              </div>
            </div>
          </span>
        </div>
      </div>
      <div
        class="euiFormRow"
        id="some_html_id-row"
      >
        <div
          class="euiFormRow__fieldWrapper"
        >
          <div
            class="euiFormHelpText euiFormRow__text"
            style="padding-top: 0px; padding-bottom: 4px;"
          >
            <div>
              Must be in lowercase letters. Cannot begin with underscores. Spaces, commas, and characters *, # are not allowed.
            </div>
          </div>
        </div>
      </div>
      <div
        class="euiSpacer euiSpacer--l"
      />
      <div
        class="euiFormRow"
        data-test-subj="form-row-_meta.description"
        id="some_html_id-row"
      >
        <div
          class="euiFormRow__labelWrapper"
        >
          <label
            aria-invalid="false"
            class="euiFormLabel euiFormRow__label"
            for="some_html_id"
          >
            <div>
              Description - 
              <i>
                optional
              </i>
            </div>
          </label>
        </div>
        <div
          class="euiFormRow__fieldWrapper"
        >
          <div
            class="euiFormHelpText euiFormRow__text"
            style="padding-top: 0px; padding-bottom: 4px;"
          >
            Describe the purpose or contents to help you identify this component.
          </div>
          <span
            class="euiToolTipAnchor euiToolTipAnchor--displayBlock"
          >
            <div
              class="euiFormControlLayout"
            >
              <div
                class="euiFormControlLayout__childrenWrapper"
              >
                <input
                  class="euiFieldText"
                  type="text"
                  value=""
                />
              </div>
            </div>
          </span>
        </div>
      </div>
    </div>
  </div>
  <div
    class="euiSpacer euiSpacer--l"
  />
  <div
    class="euiPanel euiPanel--paddingMedium euiPanel--borderRadiusMedium euiPanel--plain euiPanel--hasShadow"
    style="padding: 0px 0px 0px 0px;"
  >
    <div
      class="euiFlexGroup euiFlexGroup--gutterLarge euiFlexGroup--alignItemsFlexStart euiFlexGroup--justifyContentSpaceBetween euiFlexGroup--directionRow euiFlexGroup--responsive"
      style="margin-top: 0px; margin-bottom: 0px; padding: 0px 10px;"
    >
      <div
        class="euiFlexItem"
      >
        <div
          class="euiFormRow euiFormRow--fullWidth"
          id="some_html_id-row"
        >
          <div
            class="euiFormRow__labelWrapper"
          >
            <label
              class="euiFormLabel euiFormRow__label"
              for="some_html_id"
            >
              <div
                class="euiTitle euiTitle--small"
              >
                Index alias
              </div>
            </label>
          </div>
          <div
            class="euiFormRow__fieldWrapper"
          >
            <div
              class="euiFormHelpText euiFormRow__text"
              style="padding-top: 0px; padding-bottom: 4px;"
            >
              Allow the new indexes to be referenced by existing aliases or specify a new alias.
            </div>
          </div>
        </div>
      </div>
      <div
        class="euiFlexItem euiFlexItem--flexGrowZero"
      >
        <div
          class="euiFlexGroup euiFlexGroup--gutterLarge euiFlexGroup--alignItemsCenter euiFlexGroup--justifyContentSpaceBetween euiFlexGroup--directionRow euiFlexGroup--responsive"
        >
          <div
            class="euiFlexItem"
          >
            <div>
              <span
                class="euiToolTipAnchor euiToolTipAnchor--displayBlock"
              >
                <div>
                  <div
                    class="euiSwitch euiSwitch--primary"
                  >
                    <button
                      aria-checked="false"
                      aria-labelledby="some_html_id"
                      class="euiSwitch__button"
                      id="some_html_id"
                      role="switch"
                      type="button"
                    >
                      <span
                        class="euiSwitch__body"
                      >
                        <span
                          class="euiSwitch__thumb"
                        />
                        <span
                          class="euiSwitch__track"
                        >
                          EuiIconMock
                          EuiIconMock
                        </span>
                      </span>
                    </button>
                    <span
                      class="euiSwitch__label"
                      id="some_html_id"
                    >
                      Use configuration
                    </span>
                  </div>
                </div>
              </span>
            </div>
          </div>
        </div>
      </div>
    </div>
    <hr
      class="euiHorizontalRule euiHorizontalRule--full"
    />
  </div>
  <div
    class="euiSpacer euiSpacer--l"
  />
  <div
    class="euiPanel euiPanel--paddingMedium euiPanel--borderRadiusMedium euiPanel--plain euiPanel--hasShadow"
    style="padding: 0px 0px 0px 0px;"
  >
    <div
      class="euiFlexGroup euiFlexGroup--gutterLarge euiFlexGroup--alignItemsFlexStart euiFlexGroup--justifyContentSpaceBetween euiFlexGroup--directionRow euiFlexGroup--responsive"
      style="margin-top: 0px; margin-bottom: 0px; padding: 0px 10px;"
    >
      <div
        class="euiFlexItem"
      >
        <h3
          class="euiTitle euiTitle--small"
        >
          Index settings
          <span
            class="panel-header-count"
          >
             
             
          </span>
        </h3>
      </div>
      <div
        class="euiFlexItem euiFlexItem--flexGrowZero"
      >
        <div
          class="euiFlexGroup euiFlexGroup--gutterLarge euiFlexGroup--alignItemsCenter euiFlexGroup--justifyContentSpaceBetween euiFlexGroup--directionRow euiFlexGroup--responsive"
        >
          <div
            class="euiFlexItem"
          >
            <div>
              <span
                class="euiToolTipAnchor euiToolTipAnchor--displayBlock"
              >
                <div>
                  <div
                    class="euiSwitch euiSwitch--primary"
                  >
                    <button
                      aria-checked="false"
                      aria-labelledby="some_html_id"
                      class="euiSwitch__button"
                      id="some_html_id"
                      role="switch"
                      type="button"
                    >
                      <span
                        class="euiSwitch__body"
                      >
                        <span
                          class="euiSwitch__thumb"
                        />
                        <span
                          class="euiSwitch__track"
                        >
                          EuiIconMock
                          EuiIconMock
                        </span>
                      </span>
                    </button>
                    <span
                      class="euiSwitch__label"
                      id="some_html_id"
                    >
                      Use configuration
                    </span>
                  </div>
                </div>
              </span>
            </div>
          </div>
        </div>
      </div>
    </div>
    <hr
      class="euiHorizontalRule euiHorizontalRule--full"
    />
  </div>
  <div
    class="euiSpacer euiSpacer--l"
  />
  <div
    class="euiPanel euiPanel--paddingMedium euiPanel--borderRadiusMedium euiPanel--plain euiPanel--hasShadow"
    style="padding: 0px 0px 0px 0px;"
  >
    <div
      class="euiFlexGroup euiFlexGroup--gutterLarge euiFlexGroup--alignItemsFlexStart euiFlexGroup--justifyContentSpaceBetween euiFlexGroup--directionRow euiFlexGroup--responsive"
      style="margin-top: 0px; margin-bottom: 0px; padding: 0px 10px;"
    >
      <div
        class="euiFlexItem"
      >
        <div
          class="euiTitle euiTitle--small"
        >
          Index mapping
        </div>
        <div
          class="euiFormRow euiFormRow--fullWidth"
          id="some_html_id-row"
        >
          <div
            class="euiFormRow__fieldWrapper"
          >
            <div
              class="euiFormHelpText euiFormRow__text"
              id="some_html_id-help-0"
            >
              <div>
                Define how documents and their fields are stored and indexed.
                 
                <a
                  class="euiLink euiLink--primary"
                  href="https://opensearch.org/docs/undefined/opensearch/mappings/"
                  rel="noopener noreferrer"
                  target="_blank"
                >
                  Learn more
                  EuiIconMock
                  <span
                    class="euiScreenReaderOnly"
                  >
                    (opens in a new tab or window)
                  </span>
                </a>
              </div>
            </div>
          </div>
        </div>
      </div>
      <div
        class="euiFlexItem euiFlexItem--flexGrowZero"
      >
        <div
          class="euiFlexGroup euiFlexGroup--gutterLarge euiFlexGroup--alignItemsCenter euiFlexGroup--justifyContentSpaceBetween euiFlexGroup--directionRow euiFlexGroup--responsive"
        >
          <div
            class="euiFlexItem"
          >
            <span
              class="euiToolTipAnchor euiToolTipAnchor--displayBlock"
            >
              <div>
                <div
                  class="euiSwitch euiSwitch--primary"
                >
                  <button
                    aria-checked="false"
                    aria-labelledby="some_html_id"
                    class="euiSwitch__button"
                    id="some_html_id"
                    role="switch"
                    type="button"
                  >
                    <span
                      class="euiSwitch__body"
                    >
                      <span
                        class="euiSwitch__thumb"
                      />
                      <span
                        class="euiSwitch__track"
                      >
                        EuiIconMock
                        EuiIconMock
                      </span>
                    </span>
                  </button>
                  <span
                    class="euiSwitch__label"
                    id="some_html_id"
                  >
                    Use configuration
                  </span>
                </div>
              </div>
            </span>
          </div>
        </div>
      </div>
    </div>
    <hr
      class="euiHorizontalRule euiHorizontalRule--full"
    />
  </div>
  <div
    class="euiSpacer euiSpacer--l"
  />
  <div
    class="euiSpacer euiSpacer--l"
  />
  <div
    class="euiFlexGroup euiFlexGroup--gutterLarge euiFlexGroup--alignItemsCenter euiFlexGroup--justifyContentFlexEnd euiFlexGroup--directionRow euiFlexGroup--responsive"
  >
    <div
      class="euiFlexItem euiFlexItem--flexGrowZero"
    >
      <button
        class="euiButtonEmpty euiButtonEmpty--primary"
        data-test-subj="CreateComposableTemplateCancelButton"
        type="button"
      >
        <span
          class="euiButtonContent euiButtonEmpty__content"
        >
          <span
            class="euiButtonEmpty__text"
          >
            Cancel
          </span>
        </span>
      </button>
    </div>
    <div
      class="euiFlexItem euiFlexItem--flexGrowZero"
    >
      <button
        class="euiButton euiButton--primary euiButton--fill"
        data-test-subj="CreateComposableTemplateCreateButton"
        type="button"
      >
        <span
          class="euiButtonContent euiButton__content"
        >
          <span
            class="euiButton__text"
          >
            Create component template
          </span>
        </span>
      </button>
    </div>
  </div>
</div>
`;
