// Jest Snapshot v1, https://goo.gl/fbAQLP

exports[`<CreateDataStream /> spec it goes to data streams page when click cancel 1`] = `
<div>
  <div
    style="padding: 0px 50px;"
  >
    <div
      class="euiFlexGroup euiFlexGroup--gutterLarge euiFlexGroup--alignItemsCenter euiFlexGroup--directionRow euiFlexGroup--responsive"
    >
      <div
        class="euiFlexItem"
      >
        <h1
          class="euiTitle euiTitle--large"
        >
          Create data stream
        </h1>
        <div
          class="euiFormRow euiFormRow--fullWidth"
          id="some_html_id-row"
        >
          <div
            class="euiFormRow__fieldWrapper"
          >
            <div
              class="euiFormHelpText euiFormRow__text"
              style="padding-top: 0px; padding-bottom: 4px;"
            >
              <div>
                Data streams simplify the management of time-series data. Data streams are composed of multiple backing indices. Search requests are routed to all backing indexes, while indexing requests are routed to the latest write index.
                 
                <button
                  class="euiLink euiLink--primary"
                  type="button"
                >
                  Learn more.
                </button>
              </div>
            </div>
          </div>
        </div>
      </div>
    </div>
    <div
      class="euiSpacer euiSpacer--l"
    />
    <div
      class="euiPanel euiPanel--paddingMedium euiPanel--borderRadiusMedium euiPanel--plain euiPanel--hasShadow"
      style="padding-left: 0px; padding-right: 0px;"
    >
      <div
        class="euiFlexGroup euiFlexGroup--gutterLarge euiFlexGroup--alignItemsFlexStart euiFlexGroup--justifyContentSpaceBetween euiFlexGroup--directionRow euiFlexGroup--responsive"
        style="padding: 0px 10px;"
      >
        <div
          class="euiFlexItem"
        >
          <h3
            class="euiTitle euiTitle--small"
          >
            Define data stream
            <span
              class="panel-header-count"
            >
               
               
            </span>
          </h3>
        </div>
      </div>
      <hr
        class="euiHorizontalRule euiHorizontalRule--full euiHorizontalRule--marginXSmall"
      />
      <div
        style="padding: 0px 10px;"
      >
        <div
          class="euiSpacer euiSpacer--s"
        />
        <div
          class="euiFormRow euiFormRow--fullWidth"
          data-test-subj="form-row-name"
          id="some_html_id-row"
        >
          <div
            class="euiFormRow__labelWrapper"
          >
            <label
              aria-invalid="false"
              class="euiFormLabel euiFormRow__label"
              for="some_html_id"
            >
              Data stream name
            </label>
          </div>
          <div
            class="euiFormRow__fieldWrapper"
          >
            <div
              class="euiFormHelpText euiFormRow__text"
              style="padding-top: 0px; padding-bottom: 4px;"
            >
              Enter a data stream name. It must match an index pattern from a data stream template.
               
              <a
                class="euiLink euiLink--primary"
                href="#/templates"
                rel="noopener noreferrer"
                target="_blank"
              >
                Manage templates
                EuiIconMock
                <span
                  class="euiScreenReaderOnly"
                >
                  (opens in a new tab or window)
                </span>
              </a>
            </div>
            <span
              class="euiToolTipAnchor euiToolTipAnchor--displayBlock"
            >
              <div
                aria-expanded="false"
                aria-haspopup="listbox"
                class="euiComboBox"
                role="combobox"
              >
                <div
                  class="euiFormControlLayout"
                >
                  <div
                    class="euiFormControlLayout__childrenWrapper"
                  >
                    <div
                      class="euiComboBox__inputWrap euiComboBox__inputWrap--noWrap euiComboBox__inputWrap-isClearable"
                      data-test-subj="comboBoxInput"
                      tabindex="-1"
                    >
                      <p
                        class="euiComboBoxPlaceholder"
                      >
                        Specify data stream name
                      </p>
                      <div
                        class="euiComboBox__input"
                        style="font-size: 14px; display: inline-block;"
                      >
                        <input
                          aria-controls=""
                          data-test-subj="comboBoxSearchInput"
                          role="textbox"
                          style="box-sizing: content-box; width: 2px;"
                          value=""
                        />
                        <div
                          style="position: absolute; top: 0px; left: 0px; visibility: hidden; height: 0px; overflow: scroll; white-space: pre; font-family: -webkit-small-control; letter-spacing: normal; text-transform: none;"
                        />
                      </div>
                    </div>
                    <div
                      class="euiFormControlLayoutIcons euiFormControlLayoutIcons--right"
                    >
                      <button
                        aria-label="Open list of options"
                        class="euiFormControlLayoutCustomIcon euiFormControlLayoutCustomIcon--clickable"
                        data-test-subj="comboBoxToggleListButton"
                        type="button"
                      >
                        EuiIconMock
                      </button>
                    </div>
                  </div>
                </div>
              </div>
            </span>
          </div>
        </div>
        <div
          class="euiSpacer euiSpacer--l"
        />
        <div
          class="euiFormRow"
          id="some_html_id-row"
        >
          <div
            class="euiFormRow__labelWrapper"
          >
            <label
              class="euiFormLabel euiFormRow__label"
              for="some_html_id"
            >
              Matching index template
            </label>
          </div>
          <div
            class="euiFormRow__fieldWrapper"
          >
            No index template matched
          </div>
        </div>
      </div>
    </div>
    <div
      class="euiSpacer euiSpacer--l"
    />
    <div
      class="euiSpacer euiSpacer--l"
    />
    <div
      class="euiFlexGroup euiFlexGroup--gutterLarge euiFlexGroup--alignItemsCenter euiFlexGroup--justifyContentFlexEnd euiFlexGroup--directionRow euiFlexGroup--responsive"
    >
      <div
        class="euiFlexItem euiFlexItem--flexGrowZero"
      >
        <button
          class="euiButtonEmpty euiButtonEmpty--primary"
          data-test-subj="CreateDataStreamCancelButton"
          type="button"
        >
          <span
            class="euiButtonContent euiButtonEmpty__content"
          >
            <span
              class="euiButtonEmpty__text"
            >
              Cancel
            </span>
          </span>
        </button>
      </div>
      <div
        class="euiFlexItem euiFlexItem--flexGrowZero"
      >
        <button
          class="euiButton euiButton--primary euiButton--fill"
          data-test-subj="CreateDataStreamCreateButton"
          type="button"
        >
          <span
            class="euiButtonContent euiButton__content"
          >
            <span
              class="euiButton__text"
            >
              Create data stream
            </span>
          </span>
        </button>
      </div>
    </div>
  </div>
</div>
`;
