// Jest Snapshot v1, https://goo.gl/fbAQLP

exports[`<IndexMapping /> spec render mappings with object type 1`] = `
<div>
  <fieldset
    class="euiButtonGroup euiButtonGroup--small euiButtonGroup--text"
  >
    <legend
      class="euiScreenReaderOnly"
    >
      Editor Type
    </legend>
    <div
      class="euiButtonGroup__buttons"
    >
      <label
        class="euiButtonGroupButton euiButtonGroupButton--text euiButtonGroupButton--small euiButtonGroupButton--fill euiButtonGroupButton-isSelected"
        data-test-subj="editor-type-visual-editor"
        for="some_html_id"
      >
        <span
          class="euiButtonContent euiButton__content"
        >
          <span
            class="euiButton__text euiButtonGroupButton__textShift"
            data-text="Visual Editor"
            title="Visual Editor"
          >
            <input
              checked=""
              class="euiScreenReaderOnly"
              data-test-subj="VISUAL"
              id="some_html_id"
              name="some_html_id"
              type="radio"
              value=""
            />
            Visual Editor
          </span>
        </span>
      </label>
      <label
        class="euiButtonGroupButton euiButtonGroupButton--text euiButtonGroupButton--small"
        data-test-subj="editor-type-json-editor"
        for="some_html_id"
      >
        <span
          class="euiButtonContent euiButton__content"
        >
          <span
            class="euiButton__text euiButtonGroupButton__textShift"
            data-text="JSON Editor"
            title="JSON Editor"
          >
            <input
              class="euiScreenReaderOnly"
              data-test-subj="JSON"
              id="some_html_id"
              name="some_html_id"
              type="radio"
              value=""
            />
            JSON Editor
          </span>
        </span>
      </label>
    </div>
  </fieldset>
  <div
    class="euiSpacer euiSpacer--l"
  />
  <div
    class="euiText euiText--medium euiTreeView__wrapper"
  >
    <p
      class="euiScreenReaderOnly"
      id="some_html_id--instruction"
    >
      You can quickly navigate this list using arrow keys.
    </p>
    <ul
      aria-describedby="some_html_id--instruction"
      aria-labelledby="label"
      class="euiTreeView index-mapping-tree"
      id="some_html_id"
    >
      <li
        class="euiTreeView__node euiTreeView__node--expanded"
      >
        <button
          aria-controls="some_html_id"
          aria-expanded="true"
          class="euiTreeView__nodeInner"
          data-test-subj="euiTreeViewButton-some_html_id"
          id="mapping-visual-editor-0"
        >
          <span
            class="euiTreeView__iconWrapper"
          >
            EuiIconMock
          </span>
          <span
            class="euiTreeView__nodeLabel"
          >
            <div
              class="euiFlexGroup euiFlexGroup--gutterLarge euiFlexGroup--directionRow euiFlexGroup--responsive"
            >
              <div
                class="euiFlexItem euiFlexItem--flexGrowZero"
                style="width: 240px;"
              >
                <div
                  class="euiFormRow euiFormRow--compressed"
                  id="some_html_id-row"
                >
                  <div
                    class="euiFormRow__labelWrapper"
                  >
                    <label
                      aria-invalid="false"
                      class="euiFormLabel euiFormRow__label"
                      for="some_html_id"
                    >
                      Field name
                    </label>
                  </div>
                  <div
                    class="euiFormRow__fieldWrapper"
                  >
                    <span
                      class="euiToolTipAnchor euiToolTipAnchor--displayBlock"
                    >
                      <div
                        class="euiFormControlLayout euiFormControlLayout--compressed"
                      >
                        <div
                          class="euiFormControlLayout__childrenWrapper"
                        >
                          <input
                            class="euiFieldText euiFieldText--compressed"
                            data-test-subj="mapping-visual-editor-0-field-name"
                            disabled=""
                            id="some_html_id"
                            type="text"
                            value="object"
                          />
                        </div>
                      </div>
                    </span>
                  </div>
                </div>
              </div>
              <div
                class="euiFlexItem euiFlexItem--flexGrowZero"
              >
                <div
                  class="euiFormRow euiFormRow--compressed"
                  id="some_html_id-row"
                >
                  <div
                    class="euiFormRow__labelWrapper"
                  >
                    <label
                      class="euiFormLabel euiFormRow__label"
                      for="some_html_id"
                    >
                      Field type
                    </label>
                  </div>
                  <div
                    class="euiFormRow__fieldWrapper"
                  >
                    <span
                      class="euiToolTipAnchor euiToolTipAnchor--displayBlock"
                    >
                      <div
                        class="euiFormControlLayout euiFormControlLayout--compressed"
                      >
                        <div
                          class="euiFormControlLayout__childrenWrapper"
                        >
                          <select
                            class="euiSelect euiSelect--compressed"
                            data-test-subj="mapping-visual-editor-0-field-type"
                            disabled=""
                            id="some_html_id"
                          >
                            <option
                              value="null"
                            >
                              null
                            </option>
                            <option
                              value="boolean"
                            >
                              boolean
                            </option>
                            <option
                              value="float"
                            >
                              float
                            </option>
                            <option
                              value="double"
                            >
                              double
                            </option>
                            <option
                              value="integer"
                            >
                              integer
                            </option>
                            <option
                              value="text"
                            >
                              text
                            </option>
                            <option
                              value="keyword"
                            >
                              keyword
                            </option>
                            <option
                              value="date"
                            >
                              date
                            </option>
                            <option
                              value="object"
                            >
                              object
                            </option>
                          </select>
                          <div
                            class="euiFormControlLayoutIcons euiFormControlLayoutIcons--right"
                          >
                            <span
                              class="euiFormControlLayoutCustomIcon"
                            >
                              EuiIconMock
                            </span>
                          </div>
                        </div>
                      </div>
                    </span>
                  </div>
                </div>
              </div>
              <div
                class="euiFlexItem euiFlexItem--flexGrowZero"
              >
                <div
                  class="euiFormRow euiFormRow--compressed"
                  id="some_html_id-row"
                >
                  <div
                    class="euiFormRow__labelWrapper"
                  >
                    <label
                      class="euiFormLabel euiFormRow__label"
                      for="some_html_id"
                    >
                      actions
                    </label>
                  </div>
                  <div
                    class="euiFormRow__fieldWrapper"
                  >
                    <div
                      id="some_html_id"
                      style="display: flex; height: 32px; align-items: center;"
                    >
                      <span
                        class="euiToolTipAnchor"
                      >
                        <span
                          aria-label="Delete current field"
                          class="euiButtonIcon euiButtonIcon--primary euiButtonIcon--empty euiButtonIcon--medium"
                          data-test-subj="mapping-visual-editor-0-add-sub-field"
                        >
                          EuiIconMock
                        </span>
                      </span>
                      <span
                        class="euiToolTipAnchor"
                      >
                        <span
                          aria-label="Delete current field"
                          class="euiButtonIcon euiButtonIcon--danger euiButtonIcon--empty euiButtonIcon--medium"
                          data-test-subj="mapping-visual-editor-0-delete-field"
                        >
                          EuiIconMock
                        </span>
                      </span>
                    </div>
                  </div>
                </div>
              </div>
            </div>
          </span>
        </button>
        <div
          id="some_html_id"
        >
          <div
            class="euiText euiText--medium euiTreeView__wrapper"
          >
            <ul
              aria-labelledby="mapping-visual-editor-0 label"
              class="euiTreeView"
            >
              <li
                class="euiTreeView__node"
              >
                <button
                  aria-controls="some_html_id"
                  aria-expanded="false"
                  class="euiTreeView__nodeInner"
                  data-test-subj="euiTreeViewButton-some_html_id"
                  id="mapping-visual-editor-0.properties.0"
                >
                  <span
                    class="euiTreeView__iconWrapper"
                  >
                    EuiIconMock
                  </span>
                  <span
                    class="euiTreeView__nodeLabel"
                  >
                    <div
                      class="euiFlexGroup euiFlexGroup--gutterLarge euiFlexGroup--directionRow euiFlexGroup--responsive"
                    >
                      <div
                        class="euiFlexItem euiFlexItem--flexGrowZero"
                        style="width: 240px;"
                      >
                        <div
                          class="euiFormRow euiFormRow--compressed"
                          id="some_html_id-row"
                        >
                          <div
                            class="euiFormRow__labelWrapper"
                          >
                            <label
                              aria-invalid="false"
                              class="euiFormLabel euiFormRow__label"
                              for="some_html_id"
                            >
                              Field name
                            </label>
                          </div>
                          <div
                            class="euiFormRow__fieldWrapper"
                          >
                            <span
                              class="euiToolTipAnchor euiToolTipAnchor--displayBlock"
                            >
                              <div
                                class="euiFormControlLayout euiFormControlLayout--compressed"
                              >
                                <div
                                  class="euiFormControlLayout__childrenWrapper"
                                >
                                  <input
                                    class="euiFieldText euiFieldText--compressed"
                                    data-test-subj="mapping-visual-editor-0.properties.0-field-name"
                                    disabled=""
                                    id="some_html_id"
                                    type="text"
                                    value="text"
                                  />
                                </div>
                              </div>
                            </span>
                          </div>
                        </div>
                      </div>
                      <div
                        class="euiFlexItem euiFlexItem--flexGrowZero"
                      >
                        <div
                          class="euiFormRow euiFormRow--compressed"
                          id="some_html_id-row"
                        >
                          <div
                            class="euiFormRow__labelWrapper"
                          >
                            <label
                              class="euiFormLabel euiFormRow__label"
                              for="some_html_id"
                            >
                              Field type
                            </label>
                          </div>
                          <div
                            class="euiFormRow__fieldWrapper"
                          >
                            <span
                              class="euiToolTipAnchor euiToolTipAnchor--displayBlock"
                            >
                              <div
                                class="euiFormControlLayout euiFormControlLayout--compressed"
                              >
                                <div
                                  class="euiFormControlLayout__childrenWrapper"
                                >
                                  <select
                                    class="euiSelect euiSelect--compressed"
                                    data-test-subj="mapping-visual-editor-0.properties.0-field-type"
                                    disabled=""
                                    id="some_html_id"
                                  >
                                    <option
                                      value="null"
                                    >
                                      null
                                    </option>
                                    <option
                                      value="boolean"
                                    >
                                      boolean
                                    </option>
                                    <option
                                      value="float"
                                    >
                                      float
                                    </option>
                                    <option
                                      value="double"
                                    >
                                      double
                                    </option>
                                    <option
                                      value="integer"
                                    >
                                      integer
                                    </option>
                                    <option
                                      value="text"
                                    >
                                      text
                                    </option>
                                    <option
                                      value="keyword"
                                    >
                                      keyword
                                    </option>
                                    <option
                                      value="date"
                                    >
                                      date
                                    </option>
                                    <option
                                      value="object"
                                    >
                                      object
                                    </option>
                                  </select>
                                  <div
                                    class="euiFormControlLayoutIcons euiFormControlLayoutIcons--right"
                                  >
                                    <span
                                      class="euiFormControlLayoutCustomIcon"
                                    >
                                      EuiIconMock
                                    </span>
                                  </div>
                                </div>
                              </div>
                            </span>
                          </div>
                        </div>
                      </div>
                      <div
                        class="euiFlexItem euiFlexItem--flexGrowZero"
                      >
                        <div
                          class="euiFormRow euiFormRow--compressed"
                          id="some_html_id-row"
                        >
                          <div
                            class="euiFormRow__labelWrapper"
                          >
                            <label
                              class="euiFormLabel euiFormRow__label"
                              for="some_html_id"
                            >
                              actions
                            </label>
                          </div>
                          <div
                            class="euiFormRow__fieldWrapper"
                          >
                            <div
                              id="some_html_id"
                              style="display: flex; height: 32px; align-items: center;"
                            >
                              <span
                                class="euiToolTipAnchor"
                              >
                                <span
                                  aria-label="Delete current field"
                                  class="euiButtonIcon euiButtonIcon--danger euiButtonIcon--empty euiButtonIcon--medium"
                                  data-test-subj="mapping-visual-editor-0.properties.0-delete-field"
                                >
                                  EuiIconMock
                                </span>
                              </span>
                            </div>
                          </div>
                        </div>
                      </div>
                    </div>
                  </span>
                </button>
                <div
                  id="some_html_id"
                />
              </li>
            </ul>
          </div>
        </div>
      </li>
    </ul>
  </div>
  <div
    class="euiSpacer euiSpacer--l"
  />
  <button
    class="euiButton euiButton--primary"
    data-test-subj="create index add field button"
    type="button"
  >
    <span
      class="euiButtonContent euiButton__content"
    >
      <span
        class="euiButton__text"
      >
        Add a field
      </span>
    </span>
  </button>
</div>
`;

exports[`<IndexMapping /> spec renders the component 1`] = `
<fieldset
  class="euiButtonGroup euiButtonGroup--small euiButtonGroup--text"
>
  <legend
    class="euiScreenReaderOnly"
  >
    Editor Type
  </legend>
  <div
    class="euiButtonGroup__buttons"
  >
    <label
      class="euiButtonGroupButton euiButtonGroupButton--text euiButtonGroupButton--small euiButtonGroupButton--fill euiButtonGroupButton-isSelected"
      data-test-subj="editor-type-visual-editor"
      for="some_html_id"
    >
      <span
        class="euiButtonContent euiButton__content"
      >
        <span
          class="euiButton__text euiButtonGroupButton__textShift"
          data-text="Visual Editor"
          title="Visual Editor"
        >
          <input
            checked=""
            class="euiScreenReaderOnly"
            data-test-subj="VISUAL"
            id="some_html_id"
            name="some_html_id"
            type="radio"
            value=""
          />
          Visual Editor
        </span>
      </span>
    </label>
    <label
      class="euiButtonGroupButton euiButtonGroupButton--text euiButtonGroupButton--small"
      data-test-subj="editor-type-json-editor"
      for="some_html_id"
    >
      <span
        class="euiButtonContent euiButton__content"
      >
        <span
          class="euiButton__text euiButtonGroupButton__textShift"
          data-text="JSON Editor"
          title="JSON Editor"
        >
          <input
            class="euiScreenReaderOnly"
            data-test-subj="JSON"
            id="some_html_id"
            name="some_html_id"
            type="radio"
            value=""
          />
          JSON Editor
        </span>
      </span>
    </label>
  </div>
</fieldset>
`;
