// Jest Snapshot v1, https://goo.gl/fbAQLP

exports[`<PolicyInfo /> spec renders the component 1`] = `
<div
  class="euiPanel euiPanel--paddingMedium euiPanel--borderRadiusMedium euiPanel--plain euiPanel--hasShadow"
  style="padding-left: 0px; padding-right: 0px;"
>
  <div
    class="euiFlexGroup euiFlexGroup--gutterLarge euiFlexGroup--alignItemsFlexStart euiFlexGroup--justifyContentSpaceBetween euiFlexGroup--directionRow euiFlexGroup--responsive"
    style="padding: 0px 10px;"
  >
    <div
      class="euiFlexItem"
    >
      <h3
        class="euiTitle euiTitle--small"
      >
        Policy info
        <span
          class="panel-header-count"
        >
           
           
        </span>
      </h3>
    </div>
  </div>
  <hr
    class="euiHorizontalRule euiHorizontalRule--full euiHorizontalRule--marginXSmall"
  />
  <div
    style="padding: initial;"
  >
    <div
      style="padding: 10px 0px 0px 10px;"
    >
      <div
        class="euiText euiText--medium"
        style="margin-bottom: 5px;"
      >
        <h5
          class="euiFormLabel "
          style="margin-bottom: 2px;"
        >
          Policy ID
        </h5>
        <p>
           
          <span
            style="font-weight: 200; font-size: 12px;"
          >
            Specify a unique and descriptive ID that is easy to recognize and remember.
             
          </span>
        </p>
      </div>
      <div
        class="euiFormRow"
        id="some_html_id-row"
      >
        <div
          class="euiFormRow__fieldWrapper"
        >
          <div
            class="euiFormControlLayout"
          >
            <div
              class="euiFormControlLayout__childrenWrapper"
            >
              <input
                class="euiFieldText"
                data-test-subj="create-policy-policy-id"
                id="some_html_id"
                placeholder="hot_cold_workflow"
                type="text"
                value="some_id"
              />
            </div>
          </div>
        </div>
      </div>
      <div
        class="euiSpacer euiSpacer--m"
      />
      <div
        class="euiText euiText--medium"
        style="margin-bottom: 5px;"
      >
        <h5
          class="euiFormLabel "
          style="margin-bottom: 2px;"
        >
          Description
        </h5>
        <p>
           
          <span
            style="font-weight: 200; font-size: 12px;"
          >
            Describe the policy.
             
          </span>
        </p>
      </div>
      <div
        class="euiFormRow"
        id="some_html_id-row"
      >
        <div
          class="euiFormRow__fieldWrapper"
        >
          <textarea
            class="euiTextArea euiTextArea--resizeVertical euiTextArea--compressed"
            data-test-subj="create-policy-description"
            id="some_html_id"
            rows="3"
            style="min-height: 150px;"
          >
            some description
          </textarea>
        </div>
      </div>
    </div>
  </div>
</div>
`;
