// Jest Snapshot v1, https://goo.gl/fbAQLP

exports[`<ComposableTemplates /> spec renders the component 1`] = `
<div
  class="euiPanel euiPanel--paddingMedium euiPanel--borderRadiusMedium euiPanel--plain euiPanel--hasShadow"
  style="padding-left: 0px; padding-right: 0px;"
>
  <div
    class="euiFlexGroup euiFlexGroup--gutterLarge euiFlexGroup--alignItemsFlexStart euiFlexGroup--justifyContentSpaceBetween euiFlexGroup--directionRow euiFlexGroup--responsive"
    style="padding: 0px 10px;"
  >
    <div
      class="euiFlexItem"
    >
      <span
        class="euiTitle euiTitle--medium"
      >
        Component templates
      </span>
      <div
        class="euiFormRow euiFormRow--fullWidth"
        id="some_html_id-row"
      >
        <div
          class="euiFormRow__fieldWrapper"
        >
          <div
            class="euiFormHelpText euiFormRow__text"
            id="some_html_id-help-0"
          >
            <div>
              Component templates are reusable building blocks for composing index or data stream templates. You can define component templates with common index configurations and associate them to an index template.
               
              <button
                class="euiLink euiLink--primary"
                type="button"
              >
                Learn more
              </button>
            </div>
          </div>
        </div>
      </div>
    </div>
    <div
      class="euiFlexItem euiFlexItem--flexGrowZero"
    >
      <div
        class="euiFlexGroup euiFlexGroup--gutterLarge euiFlexGroup--alignItemsCenter euiFlexGroup--justifyContentSpaceBetween euiFlexGroup--directionRow euiFlexGroup--responsive"
      >
        <div
          class="euiFlexItem"
        >
          <div
            class="euiFlexGroup euiFlexGroup--gutterLarge euiFlexGroup--alignItemsCenter euiFlexGroup--justifyContentSpaceBetween euiFlexGroup--directionRow euiFlexGroup--responsive"
          >
            <div
              class="euiFlexItem euiFlexItem--flexGrowZero"
            >
              <button
                class="euiButton euiButton--danger euiButton-isDisabled"
                data-test-subj="deleteAction"
                disabled=""
                type="button"
              >
                <span
                  class="euiButtonContent euiButton__content"
                >
                  <span
                    class="euiButton__text"
                  >
                    Delete
                  </span>
                </span>
              </button>
            </div>
            <div
              class="euiFlexItem euiFlexItem--flexGrowZero"
            >
              <button
                class="euiButton euiButton--primary euiButton--fill"
                data-test-subj="Create component templateButton"
                type="button"
              >
                <span
                  class="euiButtonContent euiButton__content"
                >
                  <span
                    class="euiButton__text"
                  >
                    Create component template
                  </span>
                </span>
              </button>
            </div>
          </div>
        </div>
      </div>
    </div>
  </div>
  <hr
    class="euiHorizontalRule euiHorizontalRule--full euiHorizontalRule--marginXSmall"
  />
  <div
    style="padding: initial;"
  >
    <div
      class="euiFlexGroup euiFlexGroup--gutterLarge euiFlexGroup--alignItemsCenter euiFlexGroup--directionRow euiFlexGroup--responsive"
      style="padding: 0px 5px;"
    >
      <div
        class="euiFlexItem"
      >
        <div
          class="euiFormControlLayout euiFormControlLayout--fullWidth"
        >
          <div
            class="euiFormControlLayout__childrenWrapper"
          >
            <input
              class="euiFieldSearch euiFieldSearch--fullWidth"
              placeholder="Search..."
              type="search"
              value=""
            />
            <div
              class="euiFormControlLayoutIcons"
            >
              <span
                class="euiFormControlLayoutCustomIcon"
              >
                EuiIconMock
              </span>
            </div>
          </div>
        </div>
      </div>
      <div
        class="euiFlexItem euiFlexItem--flexGrowZero"
        style="flex-basis: 100px;"
      >
        <div
          class="euiFilterGroup"
        >
          <div
            class="euiPopover euiPopover--anchorDownCenter"
          >
            <div
              class="euiPopover__anchor"
            >
              <button
                class="euiButtonEmpty euiButtonEmpty--text euiFilterButton euiFilterButton-hasNotification euiFilterButton--hasIcon"
                type="button"
              >
                <span
                  class="euiButtonContent euiButtonContent--iconRight euiButtonEmpty__content"
                >
                  EuiIconMock
                  <span
                    class="euiButtonEmpty__text euiFilterButton__text-hasNotification"
                  >
                    <span
                      class="euiFilterButton__textShift"
                      data-text="Types"
                      title="Types"
                    >
                      Types
                    </span>
                    <span
                      aria-label="3 available filters"
                      class="euiNotificationBadge euiNotificationBadge--medium euiNotificationBadge--subdued euiFilterButton__notification"
                    >
                      3
                    </span>
                  </span>
                </span>
              </button>
            </div>
          </div>
        </div>
      </div>
    </div>
    <hr
      class="euiHorizontalRule euiHorizontalRule--full euiHorizontalRule--marginXSmall"
    />
    <div
      class="euiBasicTable euiBasicTable-loading ISM-component-templates-table"
      data-test-subj="templatesTable"
    >
      <div>
        <div
          class="euiTableHeaderMobile"
        >
          <div
            class="euiFlexGroup euiFlexGroup--gutterLarge euiFlexGroup--alignItemsBaseline euiFlexGroup--justifyContentSpaceBetween euiFlexGroup--directionRow"
          >
            <div
              class="euiFlexItem euiFlexItem--flexGrowZero"
            >
              <div
                class="euiCheckbox"
              >
                <input
                  aria-label="Select all rows"
                  class="euiCheckbox__input"
                  disabled=""
                  id="_selection_column-checkbox_some_html_id"
                  type="checkbox"
                />
                <div
                  class="euiCheckbox__square"
                />
                <label
                  class="euiCheckbox__label"
                  for="_selection_column-checkbox_some_html_id"
                >
                  Select all rows
                </label>
              </div>
            </div>
            <div
              class="euiFlexItem euiFlexItem--flexGrowZero"
            >
              <div
                class="euiTableSortMobile"
              >
                <div
                  class="euiPopover euiPopover--anchorDownRight"
                >
                  <div
                    class="euiPopover__anchor"
                  >
                    <button
                      class="euiButtonEmpty euiButtonEmpty--primary euiButtonEmpty--xSmall euiButtonEmpty--flushRight"
                      type="button"
                    >
                      <span
                        class="euiButtonContent euiButtonContent--iconRight euiButtonEmpty__content"
                      >
                        EuiIconMock
                        <span
                          class="euiButtonEmpty__text"
                        >
                          Sorting
                        </span>
                      </span>
                    </button>
                  </div>
                </div>
              </div>
            </div>
          </div>
        </div>
        <table
          class="euiTable euiTable--responsive"
          id="some_html_id"
          tabindex="-1"
        >
          <caption
            class="euiScreenReaderOnly euiTableCaption"
          />
          <thead>
            <tr>
              <th
                class="euiTableHeaderCellCheckbox"
                scope="col"
              >
                <div
                  class="euiTableCellContent"
                >
                  <div
                    class="euiCheckbox euiCheckbox--inList euiCheckbox--noLabel"
                  >
                    <input
                      aria-label="Select all rows"
                      class="euiCheckbox__input"
                      data-test-subj="checkboxSelectAll"
                      disabled=""
                      id="_selection_column-checkbox_some_html_id"
                      type="checkbox"
                    />
                    <div
                      class="euiCheckbox__square"
                    />
                  </div>
                </div>
              </th>
              <th
                aria-live="polite"
                aria-sort="descending"
                class="euiTableHeaderCell"
                data-test-subj="tableHeaderCell_name_0"
                role="columnheader"
                scope="col"
              >
                <button
                  class="euiTableHeaderButton euiTableHeaderButton-isSorted"
                  data-test-subj="tableHeaderSortButton"
                  type="button"
                >
                  <span
                    class="euiTableCellContent"
                  >
                    <span
                      class="euiTableCellContent__text"
                      title="Name"
                    >
                      Name
                    </span>
                    EuiIconMock
                  </span>
                </button>
              </th>
              <th
                class="euiTableHeaderCell"
                data-test-subj="tableHeaderCell_templateTypes_1"
                role="columnheader"
                scope="col"
              >
                <span
                  class="euiTableCellContent"
                >
                  <span
                    class="euiTableCellContent__text"
                    title="Type"
                  >
                    Type
                  </span>
                </span>
              </th>
              <th
                aria-live="polite"
                aria-sort="none"
                class="euiTableHeaderCell"
                data-test-subj="tableHeaderCell_component_template._meta.description_2"
                role="columnheader"
                scope="col"
              >
                <button
                  class="euiTableHeaderButton"
                  data-test-subj="tableHeaderSortButton"
                  type="button"
                >
                  <span
                    class="euiTableCellContent"
                  >
                    <span
                      class="euiTableCellContent__text"
                      title="Description"
                    >
                      Description
                    </span>
                  </span>
                </button>
              </th>
              <th
                aria-live="polite"
                aria-sort="none"
                class="euiTableHeaderCell"
                data-test-subj="tableHeaderCell_associatedCount_3"
                role="columnheader"
                scope="col"
              >
                <button
                  class="euiTableHeaderButton"
                  data-test-subj="tableHeaderSortButton"
                  type="button"
                >
                  <span
                    class="euiTableCellContent euiTableCellContent--alignRight"
                  >
                    <span
                      class="euiTableCellContent__text"
                      title="Associated index templates"
                    >
                      Associated index templates
                    </span>
                  </span>
                </button>
              </th>
              <th
                class="euiTableHeaderCell"
                role="columnheader"
                scope="col"
              >
                <span
                  class="euiTableCellContent euiTableCellContent--alignRight"
                >
                  <span
                    class="euiTableCellContent__text"
                    title="Actions"
                  >
                    Actions
                  </span>
                </span>
              </th>
            </tr>
          </thead>
          <tbody>
            <tr
              class="euiTableRow"
            >
              <td
                class="euiTableRowCell euiTableRowCell--isMobileFullWidth"
                colspan="6"
              >
                <div
                  class="euiTableCellContent euiTableCellContent--alignCenter"
                >
                  <span
                    class="euiTableCellContent__text"
                  >
                    No items found
                  </span>
                </div>
              </td>
            </tr>
          </tbody>
        </table>
      </div>
    </div>
  </div>
</div>
`;
