// Jest Snapshot v1, https://goo.gl/fbAQLP

exports[`<CreateIndexTemplate /> spec render template pages 1`] = `
<div>
  <div
    style="padding: 0px 50px;"
  >
    <div
      class="euiFlexGroup euiFlexGroup--gutterLarge euiFlexGroup--alignItemsCenter euiFlexGroup--directionRow euiFlexGroup--responsive"
    >
      <div
        class="euiFlexItem"
      >
        <h1
          class="euiTitle euiTitle--large"
          title="good_template"
        >
          good_template
        </h1>
      </div>
      <div
        class="euiFlexItem euiFlexItem--flexGrowZero"
        style="flex-direction: row;"
      >
        <button
          class="euiButton euiButton--primary euiButton--small"
          style="margin-right: 20px;"
          type="button"
        >
          <span
            class="euiButtonContent euiButton__content"
          >
            <span
              class="euiButton__text"
            >
              View JSON
            </span>
          </span>
        </button>
        <button
          class="euiButton euiButton--danger euiButton--small"
          type="button"
        >
          <span
            class="euiButtonContent euiButton__content"
          >
            <span
              class="euiButton__text"
            >
              Delete
            </span>
          </span>
        </button>
      </div>
    </div>
    <div
      class="euiSpacer euiSpacer--l"
    />
    <div
      class="euiPanel euiPanel--paddingMedium euiPanel--borderRadiusMedium euiPanel--plain euiPanel--hasShadow"
    >
      <div
        class="euiText euiText--small"
      >
        <h2>
          Overview
        </h2>
      </div>
      <hr
        class="euiHorizontalRule euiHorizontalRule--full euiHorizontalRule--marginXSmall"
      />
      <div
        class="euiSpacer euiSpacer--s"
      />
      <div
        class="euiFlexGrid euiFlexGrid--gutterLarge euiFlexGrid--fourths euiFlexGrid--responsive"
      >
        <div
          class="euiFlexItem"
        >
          <dl
            class="euiDescriptionList euiDescriptionList--row euiDescriptionList--compressed"
          >
            <dt
              class="euiDescriptionList__title"
            >
              <div
                class="euiText euiText--small"
              >
                <h4>
                  Template type
                </h4>
              </div>
            </dt>
            <dd
              class="euiDescriptionList__description"
            >
              Indexes
            </dd>
          </dl>
        </div>
        <div
          class="euiFlexItem"
        >
          <dl
            class="euiDescriptionList euiDescriptionList--row euiDescriptionList--compressed"
          >
            <dt
              class="euiDescriptionList__title"
            >
              <div
                class="euiText euiText--small"
              >
                <h4>
                  Index patterns
                </h4>
              </div>
            </dt>
            <dd
              class="euiDescriptionList__description"
            >
              -
            </dd>
          </dl>
        </div>
        <div
          class="euiFlexItem"
        >
          <dl
            class="euiDescriptionList euiDescriptionList--row euiDescriptionList--compressed"
          >
            <dt
              class="euiDescriptionList__title"
            >
              <div
                class="euiText euiText--small"
              >
                <h4>
                  Priority
                </h4>
              </div>
            </dt>
            <dd
              class="euiDescriptionList__description"
            >
              undefined
            </dd>
          </dl>
        </div>
        <div
          class="euiFlexItem"
        >
          <dl
            class="euiDescriptionList euiDescriptionList--row euiDescriptionList--compressed"
          >
            <dt
              class="euiDescriptionList__title"
            >
              <div
                class="euiText euiText--small"
              >
                <h4>
                  Associated component templates
                </h4>
              </div>
            </dt>
            <dd
              class="euiDescriptionList__description"
            >
              -
            </dd>
          </dl>
        </div>
      </div>
    </div>
    <div
      class="euiSpacer euiSpacer--l"
    />
    <div
      class="euiTabs euiTabs--small"
      role="tablist"
    >
      <button
        aria-selected="true"
        class="euiTab euiTab-isSelected"
        data-test-subj="TemplateDetailTab-summary"
        role="tab"
        type="button"
      >
        <span
          class="euiTab__content"
        >
          Summary
        </span>
      </button>
      <button
        aria-selected="false"
        class="euiTab"
        data-test-subj="TemplateDetailTab-CONFIG"
        role="tab"
        type="button"
      >
        <span
          class="euiTab__content"
        >
          Configuration
        </span>
      </button>
    </div>
    <div
      class="euiSpacer euiSpacer--l"
    />
    <div
      class="euiPanel euiPanel--paddingMedium euiPanel--borderRadiusMedium euiPanel--plain euiPanel--hasShadow"
      style="padding: 0px 0px 0px 0px;"
    >
      <div
        class="euiFlexGroup euiFlexGroup--gutterLarge euiFlexGroup--alignItemsFlexStart euiFlexGroup--justifyContentSpaceBetween euiFlexGroup--directionRow euiFlexGroup--responsive"
        style="margin-top: 0px; margin-bottom: 0px; padding: 0px 10px;"
      >
        <div
          class="euiFlexItem"
        >
          <div
            class="euiText euiText--small"
          >
            <h2>
              Preview template
            </h2>
          </div>
        </div>
      </div>
      <hr
        class="euiHorizontalRule euiHorizontalRule--full"
      />
      <div
        style="padding: 0px 10px;"
      >
        <div
          class="euiSpacer euiSpacer--s"
        />
        <div
          class="euiFormRow euiFormRow--fullWidth euiFormRow--compressed"
          id="some_html_id-row"
        >
          <div
            class="euiFormRow__labelWrapper"
          >
            <label
              class="euiFormLabel euiFormRow__label"
              for="some_html_id"
            >
              <div
                class="euiText euiText--small"
              >
                <h3>
                  Index alias
                </h3>
              </div>
            </label>
          </div>
          <div
            class="euiFormRow__fieldWrapper"
          >
            <div
              class="euiFormHelpText euiFormRow__text"
              style="padding-top: 0px; padding-bottom: 4px;"
            >
              Allow the new indexes to be referenced by existing aliases or specify a new alias.
            </div>
          </div>
        </div>
        <div
          class="euiSpacer euiSpacer--s"
        />
        <div
          class="euiFlexGrid euiFlexGrid--gutterLarge euiFlexGrid--fourths euiFlexGrid--responsive"
        >
          <div
            class="euiFlexItem"
          >
            <dl
              class="euiDescriptionList euiDescriptionList--row euiDescriptionList--compressed"
            >
              <dt
                class="euiDescriptionList__title"
              >
                <div
                  class="euiText euiText--small"
                >
                  <h4>
                    Alias names
                  </h4>
                </div>
              </dt>
              <dd
                class="euiDescriptionList__description"
              >
                -
              </dd>
            </dl>
          </div>
        </div>
        <div
          class="euiSpacer euiSpacer--l"
        />
        <div
          class="euiText euiText--small"
        >
          <h3>
            Index settings
          </h3>
        </div>
        <div
          class="euiSpacer euiSpacer--s"
        />
        <div
          class="euiFlexGrid euiFlexGrid--gutterLarge euiFlexGrid--fourths euiFlexGrid--responsive"
        >
          <div
            class="euiFlexItem"
          >
            <dl
              class="euiDescriptionList euiDescriptionList--row euiDescriptionList--compressed"
            >
              <dt
                class="euiDescriptionList__title"
              >
                <div
                  class="euiText euiText--small"
                >
                  <h4>
                    Number of primary shards
                  </h4>
                </div>
              </dt>
              <dd
                class="euiDescriptionList__description"
              >
                1
              </dd>
            </dl>
          </div>
          <div
            class="euiFlexItem"
          >
            <dl
              class="euiDescriptionList euiDescriptionList--row euiDescriptionList--compressed"
            >
              <dt
                class="euiDescriptionList__title"
              >
                <div
                  class="euiText euiText--small"
                >
                  <h4>
                    Number of replicas
                  </h4>
                </div>
              </dt>
              <dd
                class="euiDescriptionList__description"
              >
                10
              </dd>
            </dl>
          </div>
          <div
            class="euiFlexItem"
          >
            <dl
              class="euiDescriptionList euiDescriptionList--row euiDescriptionList--compressed"
            >
              <dt
                class="euiDescriptionList__title"
              >
                <div
                  class="euiText euiText--small"
                >
                  <h4>
                    Refresh interval
                  </h4>
                </div>
              </dt>
              <dd
                class="euiDescriptionList__description"
              >
                -
              </dd>
            </dl>
          </div>
        </div>
        <div
          class="euiSpacer euiSpacer--l"
        />
        <div
          class="euiAccordion accordion-in-advanced-settings"
        >
          <div
            class="euiAccordion__triggerWrapper"
          >
            <button
              aria-controls="accordionForCreateIndexTemplateSettings"
              aria-expanded="false"
              class="euiAccordion__button"
              id="some_html_id"
              type="button"
            >
              <span
                class="euiAccordion__iconWrapper"
              >
                EuiIconMock
              </span>
              <span
                class="euiIEFlexWrapFix"
              >
                <h4>
                  Advanced settings
                </h4>
              </span>
            </button>
          </div>
          <div
            aria-labelledby="some_html_id"
            class="euiAccordion__childWrapper"
            id="accordionForCreateIndexTemplateSettings"
            role="region"
            style="height: 0px"
            tabindex="-1"
          >
            <div>
              <div
                class=""
              >
                <div
                  class="euiSpacer euiSpacer--s"
                />
                <div
                  class="euiFormRow euiFormRow--fullWidth euiFormRow--compressed"
                  id="some_html_id-row"
                >
                  <div
                    class="euiFormRow__labelWrapper"
                  >
                    <label
                      class="euiFormLabel euiFormRow__label"
                      for="some_html_id"
                    >
                      Specify advanced index settings
                    </label>
                  </div>
                  <div
                    class="euiFormRow__fieldWrapper"
                  >
                    <div
                      class="euiFormHelpText euiFormRow__text"
                      style="padding-top: 0px; padding-bottom: 4px;"
                    >
                      <p>
                        Specify a comma-delimited list of settings.
                         
                        <a
                          class="euiLink euiLink--primary"
                          href="https://opensearch.org/docs/latest/api-reference/index-apis/create-index#index-settings"
                          rel="noopener noreferrer"
                          target="_blank"
                        >
                          View index settings
                          EuiIconMock
                          <span
                            class="euiScreenReaderOnly"
                          >
                            (opens in a new tab or window)
                          </span>
                        </a>
                      </p>
                      <p>
                        All the settings will be handled in flat structure.
                         
                        <a
                          class="euiLink euiLink--primary"
                          href="https://opensearch.org/docs/latest/api-reference/index-apis/get-index/#url-parameters"
                          rel="noopener noreferrer"
                          target="_blank"
                        >
                          Learn more
                          EuiIconMock
                          <span
                            class="euiScreenReaderOnly"
                          >
                            (opens in a new tab or window)
                          </span>
                        </a>
                      </p>
                    </div>
                    <textarea
                      data-test-subj="jsonEditor-valueDisplay"
                      readonly=""
                      style="display: none;"
                    >
                      {
  "index.number_of_replicas": "10",
  "index.number_of_shards": "1"
}
                    </textarea>
                    <div
                      class="euiCodeEditorWrapper"
                      data-test-subj="codeEditorContainer"
                      style="width: 100%;"
                    >
                      <button
                        class="euiCodeEditorKeyboardHint"
                        data-test-subj="codeEditorHint"
                        id="some_html_id"
                      >
                        <p
                          class="euiText"
                        >
                          Press Enter to start editing.
                        </p>
                        <p
                          class="euiText"
                        >
                          When you're done, press Escape to stop editing.
                        </p>
                      </button>
                      <div
                        class=" ace_editor ace-tm"
                        id="some_html_id"
                        style="width: 100%; height: 500px;"
                      >
                        <textarea
                          autocapitalize="off"
                          autocorrect="off"
                          class="ace_text-input"
                          spellcheck="false"
                          style="opacity: 0;"
                          tabindex="-1"
                          wrap="off"
                        />
                        <div
                          aria-hidden="true"
                          class="ace_gutter"
                        >
                          <div
                            class="ace_layer ace_gutter-layer ace_folding-enabled"
                          />
                          <div
                            class="ace_gutter-active-line"
                          />
                        </div>
                        <div
                          class="ace_scroller"
                        >
                          <div
                            class="ace_content"
                          >
                            <div
                              class="ace_layer ace_print-margin-layer"
                            >
                              <div
                                class="ace_print-margin"
                                style="left: 4px; visibility: visible;"
                              />
                            </div>
                            <div
                              class="ace_layer ace_marker-layer"
                            />
                            <div
                              class="ace_layer ace_text-layer"
                              style="padding: 0px 4px;"
                            />
                            <div
                              class="ace_layer ace_marker-layer"
                            />
                            <div
                              class="ace_layer ace_cursor-layer ace_hidden-cursors"
                            >
                              <div
                                class="ace_cursor"
                              />
                            </div>
                          </div>
                        </div>
                        <div
                          class="ace_scrollbar ace_scrollbar-v"
                          style="display: none; width: 20px;"
                        >
                          <div
                            class="ace_scrollbar-inner"
                            style="width: 20px;"
                          />
                        </div>
                        <div
                          class="ace_scrollbar ace_scrollbar-h"
                          style="display: none; height: 20px;"
                        >
                          <div
                            class="ace_scrollbar-inner"
                            style="height: 20px;"
                          />
                        </div>
                        <div
                          style="height: auto; width: auto; top: 0px; left: 0px; visibility: hidden; position: absolute; white-space: pre; overflow: hidden;"
                        >
                          <div
                            style="height: auto; width: auto; top: 0px; left: 0px; visibility: hidden; position: absolute; white-space: pre; overflow: visible;"
                          />
                          <div
                            style="height: auto; width: auto; top: 0px; left: 0px; visibility: hidden; position: absolute; white-space: pre; overflow: visible;"
                          >
                            XXXXXXXXXXXXXXXXXXXXXXXXXXXXXXXXXXXXXXXXXXXXXXXXXXXXXXXXXXXXXXXXXXXXXXXXXXXXXXXXXXXXXXXXXXXXXXXXXXXX
                          </div>
                        </div>
                      </div>
                    </div>
                  </div>
                </div>
              </div>
            </div>
          </div>
        </div>
        <div
          class="euiSpacer euiSpacer--l"
        />
        <div
          class="euiText euiText--small"
        >
          <h3>
            Index mapping
          </h3>
        </div>
        <div
          class="euiFormRow euiFormRow--fullWidth euiFormRow--compressed"
          id="some_html_id-row"
        >
          <div
            class="euiFormRow__fieldWrapper"
          >
            <div
              class="euiFormHelpText euiFormRow__text"
              id="some_html_id-help-0"
            >
              <div>
                Define how documents and their fields are stored and indexed.
                 
                <a
                  class="euiLink euiLink--primary"
                  href="https://opensearch.org/docs/undefined/opensearch/mappings/"
                  rel="noopener noreferrer"
                  target="_blank"
                >
                  Learn more
                  EuiIconMock
                  <span
                    class="euiScreenReaderOnly"
                  >
                    (opens in a new tab or window)
                  </span>
                </a>
              </div>
            </div>
          </div>
        </div>
        <div
          class="euiSpacer euiSpacer--s"
        />
        <div
          class="euiFormRow euiFormRow--fullWidth euiFormRow--compressed"
          id="some_html_id-row"
        >
          <div
            class="euiFormRow__fieldWrapper"
          >
            <fieldset
              class="euiButtonGroup euiButtonGroup--small euiButtonGroup--text"
            >
              <legend
                class="euiScreenReaderOnly"
              >
                Editor Type
              </legend>
              <div
                class="euiButtonGroup__buttons"
              >
                <label
                  class="euiButtonGroupButton euiButtonGroupButton--text euiButtonGroupButton--small euiButtonGroupButton--fill euiButtonGroupButton-isSelected"
                  data-test-subj="editorTypeVisualEditor"
                  for="some_html_id"
                >
                  <span
                    class="euiButtonContent euiButton__content"
                  >
                    <span
                      class="euiButton__text euiButtonGroupButton__textShift"
                      data-text="Tree view"
                      title="Tree view"
                    >
                      <input
                        checked=""
                        class="euiScreenReaderOnly"
                        data-test-subj="VISUAL"
                        id="some_html_id"
                        name="some_html_id"
                        type="radio"
                        value=""
                      />
                      Tree view
                    </span>
                  </span>
                </label>
                <label
                  class="euiButtonGroupButton euiButtonGroupButton--text euiButtonGroupButton--small"
                  data-test-subj="editorTypeJsonEditor"
                  for="some_html_id"
                >
                  <span
                    class="euiButtonContent euiButton__content"
                  >
                    <span
                      class="euiButton__text euiButtonGroupButton__textShift"
                      data-text="JSON"
                      title="JSON"
                    >
                      <input
                        class="euiScreenReaderOnly"
                        data-test-subj="JSON"
                        id="some_html_id"
                        name="some_html_id"
                        type="radio"
                        value=""
                      />
                      JSON
                    </span>
                  </span>
                </label>
              </div>
            </fieldset>
            <div
              class="euiSpacer euiSpacer--l"
            />
            <div
              class="euiText euiText--small"
            >
              <p>
                You have no field mappings.
              </p>
            </div>
          </div>
        </div>
        <div
          class="euiSpacer euiSpacer--l"
        />
      </div>
    </div>
  </div>
</div>
`;
