// Jest Snapshot v1, https://goo.gl/fbAQLP

exports[`<DeleteModal /> spec renders the component 1`] = `
<body
  class="euiBody-hasOverlayMask"
>
  <div
    aria-hidden="true"
    data-aria-hidden="true"
  />
  <div
    class="euiOverlayMask euiOverlayMask--aboveHeader"
  >
    <div
      aria-hidden="true"
      data-aria-hidden="true"
      data-focus-guard="true"
      style="width: 1px; height: 0px; padding: 0px; overflow: hidden; position: fixed; top: 1px; left: 1px;"
      tabindex="0"
    />
    <div
      aria-hidden="true"
      data-aria-hidden="true"
      data-focus-guard="true"
      style="width: 1px; height: 0px; padding: 0px; overflow: hidden; position: fixed; top: 1px; left: 1px;"
      tabindex="1"
    />
    <div
      data-focus-lock-disabled="false"
    >
      <div
        class="euiModal euiModal--maxWidth-default euiModal--confirmation"
        tabindex="0"
      >
        <button
          aria-label="Closes this modal window"
          class="euiButtonIcon euiButtonIcon--text euiModal__closeIcon"
          type="button"
        >
          EuiIconMock
        </button>
        <div
          class="euiModal__flex"
        >
          <div
            class="euiModalHeader"
          >
            <div
              class="euiModalHeader__title"
              data-test-subj="confirmModalTitleText"
            >
              Delete policy
            </div>
          </div>
          <div
            class="euiModalBody"
          >
            <div
              class="euiModalBody__overflow"
            >
              <div
                class="euiText euiText--medium"
                data-test-subj="confirmModalBodyText"
              >
                <div
                  class="euiForm"
                >
                  Delete "
                  <strong>
                    some_id
                  </strong>
                  " permanently? Indices will no longer be managed using this policy
                  <div
                    class="euiSpacer euiSpacer--s"
                  />
                  <div
                    class="euiFormRow"
                    id="some_html_id-row"
                  >
                    <div
                      class="euiFormRow__fieldWrapper"
                    >
                      <div
                        class="euiFormControlLayout"
                      >
                        <div
                          class="euiFormControlLayout__childrenWrapper"
                        >
                          <input
                            aria-describedby="some_html_id-help"
                            class="euiFieldText"
                            data-test-subj="deleteTextField"
                            id="some_html_id"
                            placeholder="delete"
                            type="text"
                            value=""
                          />
                        </div>
                      </div>
                      <div
                        class="euiFormHelpText euiFormRow__text"
                        id="some_html_id-help"
                      >
                        To confirm deletion, type delete
                      </div>
                    </div>
                  </div>
                </div>
              </div>
            </div>
          </div>
          <div
            class="euiModalFooter"
          >
            <button
              class="euiButtonEmpty euiButtonEmpty--primary"
              data-test-subj="confirmModalCancelButton"
              type="button"
            >
              <span
                class="euiButtonContent euiButtonEmpty__content"
              >
                <span
                  class="euiButtonEmpty__text"
                >
                  Cancel
                </span>
              </span>
            </button>
            <button
              class="euiButton euiButton--danger euiButton--fill euiButton-isDisabled"
              data-test-subj="confirmModalConfirmButton"
              disabled=""
              type="button"
            >
              <span
                class="euiButtonContent euiButton__content"
              >
                <span
                  class="euiButton__text"
                >
                  Delete policy
                </span>
              </span>
            </button>
          </div>
        </div>
      </div>
    </div>
    <div
      aria-hidden="true"
      data-aria-hidden="true"
      data-focus-guard="true"
      style="width: 1px; height: 0px; padding: 0px; overflow: hidden; position: fixed; top: 1px; left: 1px;"
      tabindex="0"
    />
  </div>
</body>
`;
