// Jest Snapshot v1, https://goo.gl/fbAQLP

exports[`<FormGenerator /> spec render the component 1`] = `
HTMLCollection [
  <div />,
  <div>
    <section
      aria-label="Page level controls"
      class="euiBottomBar euiBottomBar--fixed euiBottomBar--paddingMedium"
      style="left: 0px; right: 0px; bottom: 0px;"
    >
      <h2
        class="euiScreenReaderOnly"
      >
        Page level controls
      </h2>
      <div
        class="euiFlexGroup euiFlexGroup--gutterLarge euiFlexGroup--alignItemsCenter euiFlexGroup--directionRow euiFlexGroup--responsive"
      >
        <div
          class="euiFlexItem"
        >
          0
           unsaved changes.
        </div>
        <div
          class="euiFlexItem euiFlexItem--flexGrowZero"
        >
          <button
            class="euiButtonEmpty euiButtonEmpty--ghost euiButtonEmpty--small"
            type="button"
          >
            <span
              class="euiButtonContent euiButtonEmpty__content"
            >
              EuiIconMock
              <span
                class="euiButtonEmpty__text"
              >
                Cancel changes
              </span>
            </span>
          </button>
        </div>
        <div
          class="euiFlexItem euiFlexItem--flexGrowZero"
        >
          <button
            class="euiButton euiButton--secondary euiButton--small euiButton--fill"
            type="button"
          >
            <span
              class="euiButtonContent euiButton__content"
            >
              EuiIconMock
              <span
                class="euiButton__text"
              >
                Save changes
              </span>
            </span>
          </button>
        </div>
      </div>
    </section>
    <p
      aria-live="assertive"
      class="euiScreenReaderOnly"
    >
      There is a new region landmark with page level controls at the end of the document.
    </p>
  </div>,
]
`;
