// Jest Snapshot v1, https://goo.gl/fbAQLP

exports[`<RetryModal /> spec renders the component 1`] = `
<div
  class="euiOverlayMask euiOverlayMask--aboveHeader"
>
  <div
    aria-hidden="true"
    data-aria-hidden="true"
    data-focus-guard="true"
    style="width: 1px; height: 0px; padding: 0px; overflow: hidden; position: fixed; top: 1px; left: 1px;"
    tabindex="0"
  />
  <div
    data-focus-lock-disabled="false"
  >
    <div
      class="euiModal euiModal--maxWidth-default"
      tabindex="0"
    >
      <button
        aria-label="Closes this modal window"
        class="euiButtonIcon euiButtonIcon--text euiButtonIcon--empty euiButtonIcon--xSmall euiModal__closeIcon"
        type="button"
      >
        EuiIconMock
      </button>
      <div
        class="euiModal__flex"
      >
        <div
          class="euiModalHeader"
        >
          <div
            class="euiModalHeader__title"
          >
            <div
              class="euiText euiText--small"
            >
              <h2>
                Retry policy
              </h2>
            </div>
          </div>
        </div>
        <div
          class="euiModalBody"
        >
          <div
            class="euiModalBody__overflow"
          >
            <div>
              <div
                class="euiRadio euiRadio--compressed euiRadioGroup__item"
              >
                <input
                  checked=""
                  class="euiRadio__input"
                  id="current"
                  type="radio"
                  value=""
                />
                <div
                  class="euiRadio__circle"
                />
                <label
                  class="euiRadio__label"
                  for="current"
                >
                  Retry policy from current action
                </label>
              </div>
              <div
                class="euiRadio euiRadio--compressed euiRadioGroup__item"
              >
                <input
                  class="euiRadio__input"
                  id="state"
                  type="radio"
                  value=""
                />
                <div
                  class="euiRadio__circle"
                />
                <label
                  class="euiRadio__label"
                  for="state"
                >
                  Retry policy from selected state
                </label>
              </div>
            </div>
            <div
              class="euiSpacer euiSpacer--s"
            />
            <div
              class="euiFormRow euiFormRow--compressed"
              id="some_html_id-row"
            >
              <div
                class="euiFormRow__labelWrapper"
              >
                <label
                  class="euiFormLabel euiFormRow__label"
                  for="some_html_id"
                >
                  <div
                    class="euiText euiText--small"
                  >
                    <h3>
                      Start state
                    </h3>
                  </div>
                </label>
              </div>
              <div
                class="euiFormRow__fieldWrapper"
              >
                <div
                  class="euiFormControlLayout euiFormControlLayout--compressed"
                >
                  <div
                    class="euiFormControlLayout__childrenWrapper"
                  >
                    <select
                      aria-describedby="some_html_id-help-0"
                      aria-label="Retry failed policy from"
                      class="euiSelect euiSelect--compressed"
                      disabled=""
                      id="some_html_id"
                    >
                      <option
                        value="one"
                      >
                        one
                      </option>
                      <option
                        value="two"
                      >
                        two
                      </option>
                    </select>
                    <div
                      class="euiFormControlLayoutIcons euiFormControlLayoutIcons--right"
                    >
                      <span
                        class="euiFormControlLayoutCustomIcon"
                      >
                        EuiIconMock
                      </span>
                    </div>
                  </div>
                </div>
                <div
                  class="euiFormHelpText euiFormRow__text"
                  id="some_html_id-help-0"
                >
                  Only common states shared across all selected indexes are available
                </div>
              </div>
            </div>
          </div>
        </div>
        <div
          class="euiModalFooter"
        >
          <button
            class="euiButtonEmpty euiButtonEmpty--primary euiButtonEmpty--small"
            data-test-subj="retryModalCloseButton"
            type="button"
          >
            <span
              class="euiButtonContent euiButtonEmpty__content"
            >
              <span
                class="euiButtonEmpty__text"
              >
                Close
              </span>
            </span>
          </button>
          <button
            class="euiButton euiButton--primary euiButton--small euiButton--fill"
            data-test-subj="retryModalRetryButton"
            type="button"
          >
            <span
              class="euiButtonContent euiButton__content"
            >
              <span
                class="euiButton__text"
              >
                Retry
              </span>
            </span>
          </button>
        </div>
      </div>
    </div>
  </div>
  <div
    aria-hidden="true"
    data-aria-hidden="true"
    data-focus-guard="true"
    style="width: 1px; height: 0px; padding: 0px; overflow: hidden; position: fixed; top: 1px; left: 1px;"
    tabindex="0"
  />
</div>
`;
