// Jest Snapshot v1, https://goo.gl/fbAQLP

exports[`<EuiFormCustomLabel /> spec renders the component 1`] = `
<div
  class="euiText euiText--medium"
  style="margin-bottom: 5px;"
>
  <h5
    class="euiFormLabel "
    style="margin-bottom: 2px;"
  >
    Some title
  </h5>
  <p>
     
    <span
      style="font-weight: 200; font-size: 12px;"
    >
      Some helpful text
       
    </span>
  </p>
</div>
`;
