// Jest Snapshot v1, https://goo.gl/fbAQLP

exports[`<DraggableItem /> spec renders the component 1`] = `
<div
  class="euiDroppable euiDroppable--noGrow"
  data-rbd-droppable-context-id="0"
  data-rbd-droppable-id="STATE_ACTIONS_DROPPABLE_AREA"
  data-test-subj="droppable"
>
  <div
    class="euiDraggable euiDraggable--hasCustomDragHandle"
    data-rbd-draggable-context-id="0"
    data-rbd-draggable-id="some_html_id"
    data-test-subj="draggable"
    style="padding: 0px 0px 0px 0px;"
  >
    <div
      class="euiPanel euiPanel--paddingMedium euiPanel--borderRadiusMedium euiPanel--plain euiPanel--hasShadow custom euiDraggable__item euiDraggable__item--hasCustomDragHandle"
    >
      <div
        class="euiFlexGroup euiFlexGroup--gutterLarge euiFlexGroup--alignItemsCenter euiFlexGroup--directionRow euiFlexGroup--responsive"
      >
        <div
          class="euiFlexItem euiFlexItem--flexGrowZero"
        >
          <div
            aria-describedby="rbd-hidden-text-0-hidden-text-0"
            aria-label="Drag Handle"
            data-rbd-drag-handle-context-id="0"
            data-rbd-drag-handle-draggable-id="some_html_id"
            draggable="false"
            role="button"
            tabindex="0"
          >
            <svg
              aria-hidden="true"
              class="euiIcon euiIcon--medium euiIcon-isLoading"
              focusable="false"
              height="16"
              role="img"
              viewBox="0 0 16 16"
              width="16"
              xmlns="http://www.w3.org/2000/svg"
            />
          </div>
        </div>
        <div
          class="euiFlexItem"
        >
          Rollover
        </div>
        <div
          class="euiFlexItem euiFlexItem--flexGrowZero"
        >
          <span
            class="euiToolTipAnchor"
          >
            <button
              aria-label="Delete"
              class="euiButtonIcon euiButtonIcon--danger euiButtonIcon--empty euiButtonIcon--xSmall"
              data-test-subj="draggable-item-delete-button-some_html_id"
              type="button"
            >
              <svg
                aria-hidden="true"
                class="euiIcon euiIcon--medium euiIcon--inherit euiIcon-isLoading euiButtonIcon__icon"
                focusable="false"
                height="16"
                role="img"
                viewBox="0 0 16 16"
                width="16"
                xmlns="http://www.w3.org/2000/svg"
              />
            </button>
          </span>
        </div>
        <div
          class="euiFlexItem euiFlexItem--flexGrowZero"
        >
          <span
            class="euiToolTipAnchor"
          >
            <button
              aria-label="Edit"
              class="euiButtonIcon euiButtonIcon--primary euiButtonIcon--empty euiButtonIcon--xSmall"
              data-test-subj="draggable-item-edit-button-some_html_id"
              type="button"
            >
              <svg
                aria-hidden="true"
                class="euiIcon euiIcon--medium euiIcon--inherit euiIcon-isLoading euiButtonIcon__icon"
                focusable="false"
                height="16"
                role="img"
                viewBox="0 0 16 16"
                width="16"
                xmlns="http://www.w3.org/2000/svg"
              />
            </button>
          </span>
        </div>
      </div>
    </div>
  </div>
  <div
    class="euiDroppable__placeholder"
  />
</div>
`;
